// Jest Snapshot v1, https://goo.gl/fbAQLP

exports[`Should render a Dashboard that holds Connected Components Should render the Dashboard 1`] = `
<Container>
<<<<<<< HEAD
  <Grid>
=======
  <Grid
    padded={true}
  >
>>>>>>> 02a66ea... Adding with some linting errors addressed
    <GridColumn
      floated="left"
      width={4}
    >
      <Connect(Issues) />
    </GridColumn>
    <GridColumn
      floated="right"
      width={4}
    >
      <Connect(Milestones) />
    </GridColumn>
  </Grid>
  <Connect(PrTable) />
</Container>
`;
