// Jest Snapshot v1, https://goo.gl/fbAQLP

exports[`Organizations component should render a component with props as specified  1`] = `
<div>
  <Menu
    compact={true}
  >
<<<<<<< HEAD
    <Icon
      as="i"
      name="arrow left"
    />
  </Button>
  <Component />
=======
    <MenuItem>
      <Button
        as="button"
        icon={true}
        onClick={[Function]}
      >
        <Icon
          as="i"
          name="arrow left"
        />
      </Button>
    </MenuItem>
    <MenuItem>
      <Component />
    </MenuItem>
  </Menu>
>>>>>>> 9fe4aaa1a9dd47c370d6fdec6a7614b246bec365
  <Grid
    centered={true}
    columns={3}
    padded={true}
  >
    <Header
      as="h2"
      icon={true}
      textAlign="center"
    >
      <Icon
        as="i"
        name="github"
      />
      <HeaderContent>
        Which organization are you interested in?
      </HeaderContent>
    </Header>
    <GridRow>
      <Wrapper
        orgId="246869449"
      />
    </GridRow>
  </Grid>
</div>
`;
